[INFO] Scanning for projects...
[WARNING] 
[WARNING] Some problems were encountered while building the effective model for gov.hhs.onc.crigtt:crigtt-web:war:1.2.2
[WARNING] 'dependencies.dependency.(groupId:artifactId:type:classifier)' must be unique: org.glassfish.web:jakarta.servlet.jsp.jstl:jar -> version 3.0.1 vs (?) @ line 248, column 21
[WARNING] 'dependencyManagement.dependencies.dependency.(groupId:artifactId:type:classifier)' must be unique: jakarta.xml.bind:jakarta.xml.bind-api:jar -> duplicate declaration of version ${jakarta.xml.bind.version} @ gov.hhs.onc.crigtt:crigtt-parent:1.2.2, /Users/sriniwas/Development/Projects/CDC/crv-public-repo/cancer-report-validator/crigtt-parent/pom.xml, line 278, column 25
[WARNING] 
[WARNING] It is highly recommended to fix these problems because they threaten the stability of your build.
[WARNING] 
[WARNING] For this reason, future Maven versions might no longer support building such malformed projects.
[WARNING] 
[INFO] 
[INFO] -------------------< gov.hhs.onc.crigtt:crigtt-web >--------------------
[INFO] Building crigtt-web 1.2.2
[INFO] --------------------------------[ war ]---------------------------------
[INFO] 
[INFO] >>> spring-boot-maven-plugin:3.2.0:run (default-cli) > test-compile @ crigtt-web >>>
[INFO] 
[INFO] --- maven-enforcer-plugin:1.4.1:enforce (enforce-java-version) @ crigtt-web ---
[INFO] 
[INFO] --- maven-resources-plugin:2.7:copy-resources (copy-resources-properties) @ crigtt-web ---
[INFO] Using 'UTF-8' encoding to copy filtered resources.
[INFO] Copying 2 resources
[INFO] 
[INFO] --- maven-resources-plugin:2.7:copy-resources (copy-resources-schema) @ crigtt-web ---
[INFO] Using 'UTF-8' encoding to copy filtered resources.
[INFO] skip non existing resourceDirectory /Users/sriniwas/Development/Projects/CDC/crv-public-repo/cancer-report-validator/crigtt-web/src/main/schema
[INFO] 
[INFO] --- maven-resources-plugin:2.7:copy-resources (copy-resources-wadl) @ crigtt-web ---
[INFO] Using 'UTF-8' encoding to copy filtered resources.
[INFO] Copying 1 resource
[INFO] 
[INFO] --- maven-resources-plugin:2.7:resources (default-resources) @ crigtt-web ---
[INFO] Using 'UTF-8' encoding to copy filtered resources.
[INFO] Copying 12 resources
[INFO] 
[INFO] --- maven-compiler-plugin:3.11.0:compile (default-compile) @ crigtt-web ---
[INFO] Nothing to compile - all classes are up to date
[INFO] 
[INFO] --- maven-resources-plugin:2.7:copy-resources (copy-test-resources-properties) @ crigtt-web ---
[INFO] Using 'UTF-8' encoding to copy filtered resources.
[INFO] Copying 1 resource
[INFO] 
[INFO] --- maven-resources-plugin:2.7:testResources (default-testResources) @ crigtt-web ---
[INFO] Using 'UTF-8' encoding to copy filtered resources.
[INFO] Copying 5 resources
[INFO] 
[INFO] --- maven-compiler-plugin:3.11.0:testCompile (default-testCompile) @ crigtt-web ---
[INFO] Nothing to compile - all classes are up to date
[INFO] 
[INFO] <<< spring-boot-maven-plugin:3.2.0:run (default-cli) < test-compile @ crigtt-web <<<
[INFO] 
[INFO] 
[INFO] --- spring-boot-maven-plugin:3.2.0:run (default-cli) @ crigtt-web ---
[INFO] Attaching agents: []

  .   ____          _            __ _ _
 /\\ / ___'_ __ _ _(_)_ __  __ _ \ \ \ \
( ( )\___ | '_ | '_| | '_ \/ _` | \ \ \ \
 \\/  ___)| |_)| | | | | || (_| |  ) ) ) )
  '  |____| .__|_| |_|_| |_\__, | / / / /
 =========|_|==============|___/=/_/_/_/
 :: Spring Boot ::                (v3.2.0)

11:34:51.097 [main] INFO  g.h.o.c.c.i.ProfileApplicationRunListener - Activated application Spring profile (name=crigtt.profile.app.null).
11:34:51.100 [main] INFO  g.h.o.c.c.i.ProfileApplicationRunListener - Activated application Spring profile (name=crigtt.profile.app.context.web).
11:34:51.101 [main] INFO  g.h.o.c.web.CrigttWebApplication - Starting CrigttWebApplication using Java 21.0.5 with PID 61384 (/Users/sriniwas/Development/Projects/CDC/crv-public-repo/cancer-report-validator/crigtt-web/target/classes started by sriniwas in /Users/sriniwas/Development/Projects/CDC/crv-public-repo/cancer-report-validator/crigtt-web)
11:34:51.101 [main] DEBUG g.h.o.c.web.CrigttWebApplication - Running with Spring Boot v3.2.0, Spring v6.1.0
11:34:51.101 [main] INFO  g.h.o.c.web.CrigttWebApplication - The following 2 profiles are active: "crigtt.profile.app.null", "crigtt.profile.app.context.web"
[INFO] ------------------------------------------------------------------------
[INFO] BUILD FAILURE
[INFO] ------------------------------------------------------------------------
[INFO] Total time:  1.890 s
[INFO] Finished at: 2025-08-17T11:34:51-04:00
[INFO] ------------------------------------------------------------------------
[ERROR] Failed to execute goal org.springframework.boot:spring-boot-maven-plugin:3.2.0:run (default-cli) on project crigtt-web: Process terminated with exit code: 1 -> [Help 1]
[ERROR] 
[ERROR] To see the full stack trace of the errors, re-run Maven with the -e switch.
[ERROR] Re-run Maven using the -X switch to enable full debug logging.
[ERROR] 
[ERROR] For more information about the errors and possible solutions, please read the following articles:
[ERROR] [Help 1] http://cwiki.apache.org/confluence/display/MAVEN/MojoExecutionException
